---
source: src/tests.rs
expression: result
---
[]
